Microchip MPLAB XC8 Compiler V2.40

Linker command line:

-W-3 --edf=D:\WWW\MPLAB XC8 Compiler\pic\dat\20220703182018_en.msgs -cn \
  -h+dist/default/production\MPLAB_PRO.production.sym \
  --cmf=dist/default/production\MPLAB_PRO.production.cmf -z -Q18F4620 \
  -oC:\Users\LAPTEC~1\AppData\Local\Temp\xcAs2qg.4 --defsym=__MPLAB_BUILD=1 \
  --fixupoverflow=error -Mdist/default/production/MPLAB_PRO.production.map \
  --md=C:\Users\LAPTEC~1\AppData\Local\Temp\xcAs2qg.dat -E1 \
  -ver=XC8 Compiler --acfsm=1493 -ACODE=00h-0FFFFh -ACONST=00h-0FFFFh \
  -ASMALLCONST=01000h-010FFhx240 -AMEDIUMCONST=01000h-0FFFFh \
  -ACOMRAM=01h-07Fh -AABS1=00h-0F7Fh -ABIGRAM=01h-0F7Fh \
  -ARAM=080h-0FFh,0100h-01FFhx14,0F00h-0F7Fh -ABANK0=080h-0FFh \
  -ABANK1=0100h-01FFh -ABANK2=0200h-02FFh -ABANK3=0300h-03FFh \
  -ABANK4=0400h-04FFh -ABANK5=0500h-05FFh -ABANK6=0600h-06FFh \
  -ABANK7=0700h-07FFh -ABANK8=0800h-08FFh -ABANK9=0900h-09FFh \
  -ABANK10=0A00h-0AFFh -ABANK11=0B00h-0BFFh -ABANK12=0C00h-0CFFh \
  -ABANK13=0D00h-0DFFh -ABANK14=0E00h-0EFFh -ABANK15=0F00h-0F7Fh \
  -ASFR=0F80h-0FFFh -ABIGSFR=0F80h-0FFFh -ACONFIG=0300000h-030000Dh \
  -AIDLOC=0200000h-0200007h -AEEDATA=0F00000h-0F003FFh -peeprom_data=EEDATA \
  -preset_vec=00h,intcode=08h,intcodelo,powerup,init -pramtop=01000h \
  -psmallconst=SMALLCONST -pmediumconst=MEDIUMCONST -pconst=CONST \
  -AFARRAM=00h-00h \
  -prdata=COMRAM,nvrram=COMRAM,nvbit=COMRAM,rbss=COMRAM,rbit=COMRAM \
  -pfarbss=FARRAM,fardata=FARRAM,nvFARRAM=FARRAM \
  -pintsave_regs=BIGRAM,bigbss=BIGRAM,bigdata=BIGRAM -pbss=RAM \
  -pidata=CODE,irdata=CODE,ibigdata=CODE,ifardata=CODE -prparam=COMRAM \
  C:\Users\LAPTEC~1\AppData\Local\Temp\xcAs2qg.o \
  dist/default/production\MPLAB_PRO.production.o 

Object code version is 3.11

Machine type is 18F4620



                Name                               Link     Load   Length Selector   Space Scale
C:\Users\LAPTEC~1\AppData\Local\Temp\xcAs2qg.o
                idloc                            200000   200000        8        0       5
                config                           300000   300000        E        0       4
                init                                  E        E        4        4       0
                reset_vec                             0        0        4        0       0
dist/default/production\MPLAB_PRO.production.o
                intcode                               8        8        6        4       0
                idloc                            200000   200000        8        0       5
                config                           300000   300000        E        0       4
                temp                                 6E       6E        1        1       1
                smallconst                         1000     1000       16      800       0
                text36                             1A0E     1A0E       92      80B       0
                text35                             1E7C     1E7C       72      80B       0
                text34                             227E     227E        E     1060       0
                text33                             2270     2270        E     1060       0
                text32                             2262     2262        E     1060       0
                text31                             211C     211C       2E     1060       0
                text30                             20EE     20EE       2E     1060       0
                text29                             20C0     20C0       2E     1060       0
                text28                             2234     2234       1A     1060       0
                text27                             221A     221A       1A     1060       0
                text26                             2200     2200       1A     1060       0
                text25                             21E6     21E6       1A     1060       0
                intcode_body                       1016     1016      2B6      80B       0
                text23                             1E0A     1E0A       72      80B       0
                text22                             1D98     1D98       72      80B       0
                text21                             1676     1676      12C      80B       0
                text20                             1C30     1C30       7E      80B       0
                text19                             12CC     12CC      144      80B       0
                text18                             2058     2058       34      80B       0
                text17                             219E     219E       2A     1060       0
                text16                             2174     2174       2A     1060       0
                text15                             214A     214A       2A     1060       0
                text14                             18CA     18CA       AA      80B       0
                text13                             1CAE     1CAE       78      80B       0
                text12                             154A     154A      12C      80B       0
                text11                             1D26     1D26       72      80B       0
                text10                             2004     2004       54      80B       0
                text9                              1AA0     1AA0       90      80B       0
                text8                              1BB2     1BB2       7E      80B       0
                text7                              1410     1410      13A      80B       0
                text6                              1FB0     1FB0       54      80B       0
                text5                              1974     1974       9A      80B       0
                text4                              17A2     17A2      128      80B       0
                text3                              21C8     21C8       1E     1060       0
                text2                              228C     228C        6     1060       0
                text1                              1B30     1B30       82      80B       0
                text0                              1EEE     1EEE       6C      80B       0
                cstackCOMRAM                         51       51       1C        1       1
                cstackBANK0                          94       94       11       80       1
                dataBANK0                            80       80       14       80       1
                dataCOMRAM                            1        1       33        1       1
                bssCOMRAM                            34       34       1D        1       1
                cinit                              1F5A     1F5A       56      80B       0
                nvCOMRAM                             6D       6D        1        1       1
                idataBANK0                         224E     224E       14     1060       0
                idataCOMRAM                        208C     208C       33      80B       0

TOTAL           Name                               Link     Load   Length     Space
        CLASS   CODE           
                intcode                               8        8        6         0
                init                                  E        E        4         0
                reset_vec                             0        0        4         0
                text36                             1A0E     1A0E       92         0
                text35                             1E7C     1E7C       72         0
                text34                             227E     227E        E         0
                text33                             2270     2270        E         0
                text32                             2262     2262        E         0
                text31                             211C     211C       2E         0
                text30                             20EE     20EE       2E         0
                text29                             20C0     20C0       2E         0
                text28                             2234     2234       1A         0
                text27                             221A     221A       1A         0
                text26                             2200     2200       1A         0
                text25                             21E6     21E6       1A         0
                intcode_body                       1016     1016      2B6         0
                text23                             1E0A     1E0A       72         0
                text22                             1D98     1D98       72         0
                text21                             1676     1676      12C         0
                text20                             1C30     1C30       7E         0
                text19                             12CC     12CC      144         0
                text18                             2058     2058       34         0
                text17                             219E     219E       2A         0
                text16                             2174     2174       2A         0
                text15                             214A     214A       2A         0
                text14                             18CA     18CA       AA         0
                text13                             1CAE     1CAE       78         0
                text12                             154A     154A      12C         0
                text11                             1D26     1D26       72         0
                text10                             2004     2004       54         0
                text9                              1AA0     1AA0       90         0
                text8                              1BB2     1BB2       7E         0
                text7                              1410     1410      13A         0
                text6                              1FB0     1FB0       54         0
                text5                              1974     1974       9A         0
                text4                              17A2     17A2      128         0
                text3                              21C8     21C8       1E         0
                text2                              228C     228C        6         0
                text1                              1B30     1B30       82         0
                text0                              1EEE     1EEE       6C         0
                cinit                              1F5A     1F5A       56         0
                idataBANK0                         224E     224E       14         0
                idataCOMRAM                        208C     208C       33         0

        CLASS   CONST          

        CLASS   SMALLCONST     
                smallconst                         1000     1000       16         0

        CLASS   MEDIUMCONST    

        CLASS   COMRAM         
                temp                                 6E       6E        1         1
                cstackCOMRAM                         51       51       1C         1
                dataCOMRAM                            1        1       33         1
                bssCOMRAM                            34       34       1D         1
                nvCOMRAM                             6D       6D        1         1

        CLASS   ABS1           

        CLASS   BIGRAM         

        CLASS   RAM            

        CLASS   BANK0          
                cstackBANK0                          94       94       11         1
                dataBANK0                            80       80       14         1

        CLASS   BANK1          

        CLASS   BANK2          

        CLASS   BANK3          

        CLASS   BANK4          

        CLASS   BANK5          

        CLASS   BANK6          

        CLASS   BANK7          

        CLASS   BANK8          

        CLASS   BANK9          

        CLASS   BANK10         

        CLASS   BANK11         

        CLASS   BANK12         

        CLASS   BANK13         

        CLASS   BANK14         

        CLASS   BANK15         

        CLASS   SFR            

        CLASS   BIGSFR         

        CLASS   CONFIG         
                config                           300000   300000        E         4

        CLASS   IDLOC          
                idloc                            200000   200000        8         5

        CLASS   EEDATA         

        CLASS   FARRAM         

        CLASS   HEAP           

        CLASS   STACK          



SEGMENTS        Name                           Load    Length   Top    Selector   Space  Class

                reset_vec                      000000  000004  000004         0       0  CODE    
                dataCOMRAM                     000001  00006E  00006F         1       1  COMRAM  
                intcode                        000008  00000A  000012         4       0  CODE    
                dataBANK0                      000080  000025  0000A5        80       1  BANK0   
                smallconst                     001000  000016  001016       800       0  SMALLCON
                intcode_body                   001016  0010A9  0020BF       80B       0  CODE    
                text29                         0020C0  0001D2  002292      1060       0  CODE    


UNUSED ADDRESS RANGES

        Name                Unused          Largest block    Delta
        BANK0            0000A5-0000FF               5B
        BANK1            000100-0001FF              100
        BANK10           000A00-000AFF              100
        BANK11           000B00-000BFF              100
        BANK12           000C00-000CFF              100
        BANK13           000D00-000DFF              100
        BANK14           000E00-000EFF              100
        BANK15           000F00-000F7F               80
        BANK2            000200-0002FF              100
        BANK3            000300-0003FF              100
        BANK4            000400-0004FF              100
        BANK5            000500-0005FF              100
        BANK6            000600-0006FF              100
        BANK7            000700-0007FF              100
        BANK8            000800-0008FF              100
        BANK9            000900-0009FF              100
        BIGRAM           00006F-00007F               11
                         0000A5-000F7F              EDB
        BIGSFR           000F80-000FFF               80
        CODE             000004-000007                4
                         000012-000FFF              FEE
                         0020BF-0020BF                1
                         002292-00FFFF             DD6E
        COMRAM           00006F-00007F               11
        CONST            000004-000007                4
                         000012-000FFF              FEE
                         0020BF-0020BF                1
                         002292-00FFFF             DD6E
        EEDATA           F00000-F003FF              400
        MEDIUMCONST      0020BF-0020BF                1
                         002292-00FFFF             DD6E
        RAM              0000A5-000F7F              100
        SFR              000F80-000FFF               80
        SMALLCONST       0020BF-0020BF                1
                         002292-00FFFF              100

                                  Symbol Table

INT0_SetInterruptHandler@InterruptHandler   cstackCOMRAM 000062
INT0_SetInterruptHandler@ret_val            cstackCOMRAM 000064
INT1_SetInterruptHandler@InterruptHandler   cstackCOMRAM 000062
INT1_SetInterruptHandler@ret_val            cstackCOMRAM 000064
INT2_SetInterruptHandler@InterruptHandler   cstackCOMRAM 000062
INT2_SetInterruptHandler@ret_val            cstackCOMRAM 000064
Interrupt_INTx_Clear_Flag@int_obj           cstackCOMRAM 000062
Interrupt_INTx_Clear_Flag@ret_val           cstackCOMRAM 000066
Interrupt_INTx_Disable@int_obj              cstackCOMRAM 000062
Interrupt_INTx_Disable@ret_val              cstackCOMRAM 000066
Interrupt_INTx_Edge_Init@int_obj            cstackCOMRAM 000062
Interrupt_INTx_Edge_Init@ret_val            cstackCOMRAM 000066
Interrupt_INTx_Enable@int_obj               cstackCOMRAM 000062
Interrupt_INTx_Enable@ret_val               cstackCOMRAM 000066
Interrupt_INTx_Init@int_obj                 cstackBANK0  000095
Interrupt_INTx_Init@ret_val                 cstackBANK0  000097
Interrupt_INTx_Pin_Init@int_obj             cstackCOMRAM 00006B
Interrupt_INTx_Pin_Init@ret_val             cstackBANK0  000094
Interrupt_INTx_SetInterruptHandler@int_obj  cstackCOMRAM 000065
Interrupt_INTx_SetInterruptHandler@ret_val  cstackCOMRAM 000069
RB4_ISR@RB4_src                             cstackCOMRAM 000051
RB5_ISR@RB5_src                             cstackCOMRAM 000051
RB6_ISR@RB6_src                             cstackCOMRAM 000051
RB7_ISR@RB7_src                             cstackCOMRAM 000051
_INT0_ISR                                   text31       00211C
_INT0_InterruptHandler                      bssCOMRAM    000048
_INT0_SetInterruptHandler                   text17       00219E
_INT1_ISR                                   text30       0020EE
_INT1_InterruptHandler                      bssCOMRAM    000046
_INT1_SetInterruptHandler                   text16       002174
_INT2_ISR                                   text29       0020C0
_INT2_InterruptHandler                      bssCOMRAM    000044
_INT2_SetInterruptHandler                   text15       00214A
_INTCON2bits                                (abs)        000FF1
_INTCON3bits                                (abs)        000FF0
_INTCONbits                                 (abs)        000FF2
_Int0_APP_ISR                               text33       002270
_Int1_APP_ISR                               text32       002262
_Int2_APP_ISR                               text34       00227E
_InterruptManagerHigh                       intcode      000008
_Interrupt_INTx_Clear_Flag                  text23       001E0A
_Interrupt_INTx_Disable                     text22       001D98
_Interrupt_INTx_Edge_Init                   text21       001676
_Interrupt_INTx_Enable                      text20       001C30
_Interrupt_INTx_Init                        text13       001CAE
_Interrupt_INTx_Pin_Init                    text18       002058
_Interrupt_INTx_SetInterruptHandler         text14       0018CA
_LATA                                       (abs)        000F89
_LATB                                       (abs)        000F8A
_LATC                                       (abs)        000F8B
_LATD                                       (abs)        000F8C
_LATE                                       (abs)        000F8D
_PORTA                                      (abs)        000F80
_PORTB                                      (abs)        000F81
_PORTBbits                                  (abs)        000F81
_PORTC                                      (abs)        000F82
_PORTD                                      (abs)        000F83
_PORTE                                      (abs)        000F84
_RB4_ISR                                    text28       002234
_RB4_InterruptHandler_HIGH                  bssCOMRAM    000042
_RB4_InterruptHandler_LOW                   bssCOMRAM    000040
_RB4_flag                                   dataCOMRAM   000018
_RB5_ISR                                    text27       00221A
_RB5_InterruptHandler_HIGH                  bssCOMRAM    00003E
_RB5_InterruptHandler_LOW                   bssCOMRAM    00003C
_RB5_flag                                   dataCOMRAM   000017
_RB6_ISR                                    text26       002200
_RB6_InterruptHandler_HIGH                  bssCOMRAM    00003A
_RB6_InterruptHandler_LOW                   bssCOMRAM    000038
_RB6_flag                                   dataCOMRAM   000016
_RB7_ISR                                    text25       0021E6
_RB7_InterruptHandler_HIGH                  bssCOMRAM    000036
_RB7_InterruptHandler_LOW                   bssCOMRAM    000034
_RB7_flag                                   dataCOMRAM   000015
_TRISA                                      (abs)        000F92
_TRISB                                      (abs)        000F93
_TRISC                                      (abs)        000F94
_TRISD                                      (abs)        000F95
_TRISE                                      (abs)        000F96
__HRAM                                      (abs)        000000
__Habs1                                     abs1         000000
__Hbank0                                    bank0        000000
__Hbank1                                    bank1        000000
__Hbank10                                   bank10       000000
__Hbank11                                   bank11       000000
__Hbank12                                   bank12       000000
__Hbank13                                   bank13       000000
__Hbank14                                   bank14       000000
__Hbank15                                   bank15       000000
__Hbank2                                    bank2        000000
__Hbank3                                    bank3        000000
__Hbank4                                    bank4        000000
__Hbank5                                    bank5        000000
__Hbank6                                    bank6        000000
__Hbank7                                    bank7        000000
__Hbank8                                    bank8        000000
__Hbank9                                    bank9        000000
__Hbigbss                                   bigbss       000000
__Hbigdata                                  bigdata      000000
__Hbigram                                   bigram       000000
__Hbigsfr                                   bigsfr       000000
__Hbss                                      bss          000000
__HbssCOMRAM                                bssCOMRAM    000000
__Hcinit                                    cinit        000000
__Hclrtext                                  clrtext      000000
__Hcomram                                   comram       000000
__Hconfig                                   config       30000E
__Hconst                                    const        000000
__HcstackBANK0                              cstackBANK0  000000
__HcstackCOMRAM                             cstackCOMRAM 000000
__Hdata                                     data         000000
__HdataBANK0                                dataBANK0    000000
__HdataCOMRAM                               dataCOMRAM   000000
__Heeprom_data                              eeprom_data  000000
__Hfarbss                                   farbss       000000
__Hfardata                                  fardata      000000
__Hheap                                     heap         000000
__Hibigdata                                 ibigdata     000000
__Hidata                                    idata        000000
__HidataBANK0                               idataBANK0   000000
__HidataCOMRAM                              idataCOMRAM  000000
__Hidloc                                    idloc        200008
__Hifardata                                 ifardata     000000
__Hinit                                     init         000012
__Hintcode                                  intcode      00000E
__Hintcode_body                             intcode_body 000000
__Hintcodelo                                intcodelo    00000E
__Hintentry                                 intentry     000000
__Hintret                                   intret       000000
__Hintsave_regs                             intsave_regs 000000
__Hirdata                                   irdata       000000
__Hmediumconst                              mediumconst  000000
__HnvCOMRAM                                 nvCOMRAM     000000
__HnvFARRAM                                 nvFARRAM     000000
__Hnvbit                                    nvbit        000000
__Hnvrram                                   nvrram       000000
__Hparam                                    rparam       000000
__Hpowerup                                  powerup      00000E
__Hram                                      ram          000000
__Hramtop                                   ramtop       001000
__Hrbit                                     rbit         000000
__Hrbss                                     rbss         000000
__Hrdata                                    rdata        000000
__Hreset_vec                                reset_vec    000004
__Hrparam                                   rparam       000000
__Hsfr                                      sfr          000000
__Hsmallconst                               smallconst   001016
__Hspace_0                                  (abs)        002292
__Hspace_1                                  (abs)        0000A5
__Hspace_2                                  (abs)        000000
__Hspace_4                                  (abs)        60000E
__Hstack                                    stack        000000
__Hstruct                                   struct       000000
__Htemp                                     temp         00006F
__Htext                                     text         000000
__Htext0                                    text0        000000
__Htext1                                    text1        000000
__Htext10                                   text10       000000
__Htext11                                   text11       000000
__Htext12                                   text12       000000
__Htext13                                   text13       000000
__Htext14                                   text14       000000
__Htext15                                   text15       000000
__Htext16                                   text16       000000
__Htext17                                   text17       000000
__Htext18                                   text18       000000
__Htext19                                   text19       000000
__Htext2                                    text2        000000
__Htext20                                   text20       000000
__Htext21                                   text21       000000
__Htext22                                   text22       000000
__Htext23                                   text23       000000
__Htext25                                   text25       000000
__Htext26                                   text26       000000
__Htext27                                   text27       000000
__Htext28                                   text28       000000
__Htext29                                   text29       000000
__Htext3                                    text3        000000
__Htext30                                   text30       000000
__Htext31                                   text31       000000
__Htext32                                   text32       000000
__Htext33                                   text33       000000
__Htext34                                   text34       000000
__Htext35                                   text35       000000
__Htext36                                   text36       000000
__Htext37                                   text37       000000
__Htext4                                    text4        000000
__Htext5                                    text5        000000
__Htext6                                    text6        000000
__Htext7                                    text7        000000
__Htext8                                    text8        000000
__Htext9                                    text9        000000
__LRAM                                      (abs)        000001
__Labs1                                     abs1         000000
__Lbank0                                    bank0        000000
__Lbank1                                    bank1        000000
__Lbank10                                   bank10       000000
__Lbank11                                   bank11       000000
__Lbank12                                   bank12       000000
__Lbank13                                   bank13       000000
__Lbank14                                   bank14       000000
__Lbank15                                   bank15       000000
__Lbank2                                    bank2        000000
__Lbank3                                    bank3        000000
__Lbank4                                    bank4        000000
__Lbank5                                    bank5        000000
__Lbank6                                    bank6        000000
__Lbank7                                    bank7        000000
__Lbank8                                    bank8        000000
__Lbank9                                    bank9        000000
__Lbigbss                                   bigbss       000000
__Lbigdata                                  bigdata      000000
__Lbigram                                   bigram       000000
__Lbigsfr                                   bigsfr       000000
__Lbss                                      bss          000000
__LbssCOMRAM                                bssCOMRAM    000000
__Lcinit                                    cinit        000000
__Lclrtext                                  clrtext      000000
__Lcomram                                   comram       000000
__Lconfig                                   config       000000
__Lconst                                    const        000000
__LcstackBANK0                              cstackBANK0  000000
__LcstackCOMRAM                             cstackCOMRAM 000000
__Ldata                                     data         000000
__LdataBANK0                                dataBANK0    000000
__LdataCOMRAM                               dataCOMRAM   000000
__Leeprom_data                              eeprom_data  000000
__Lfarbss                                   farbss       000000
__Lfardata                                  fardata      000000
__Lheap                                     heap         000000
__Libigdata                                 ibigdata     000000
__Lidata                                    idata        000000
__LidataBANK0                               idataBANK0   000000
__LidataCOMRAM                              idataCOMRAM  000000
__Lidloc                                    idloc        000000
__Lifardata                                 ifardata     000000
__Linit                                     init         00000E
__Lintcode                                  intcode      000008
__Lintcode_body                             intcode_body 000000
__Lintcodelo                                intcodelo    00000E
__Lintentry                                 intentry     000000
__Lintret                                   intret       000000
__Lintsave_regs                             intsave_regs 000000
__Lirdata                                   irdata       000000
__Lmediumconst                              mediumconst  000000
__LnvCOMRAM                                 nvCOMRAM     000000
__LnvFARRAM                                 nvFARRAM     000000
__Lnvbit                                    nvbit        000000
__Lnvrram                                   nvrram       000000
__Lparam                                    rparam       000000
__Lpowerup                                  powerup      00000E
__Lram                                      ram          000000
__Lramtop                                   ramtop       001000
__Lrbit                                     rbit         000000
__Lrbss                                     rbss         000000
__Lrdata                                    rdata        000000
__Lreset_vec                                reset_vec    000000
__Lrparam                                   rparam       000000
__Lsfr                                      sfr          000000
__Lsmallconst                               smallconst   001000
__Lspace_0                                  (abs)        000000
__Lspace_1                                  (abs)        000000
__Lspace_2                                  (abs)        000000
__Lspace_4                                  (abs)        000000
__Lstack                                    stack        000000
__Lstruct                                   struct       000000
__Ltemp                                     temp         00006E
__Ltext                                     text         000000
__Ltext0                                    text0        000000
__Ltext1                                    text1        000000
__Ltext10                                   text10       000000
__Ltext11                                   text11       000000
__Ltext12                                   text12       000000
__Ltext13                                   text13       000000
__Ltext14                                   text14       000000
__Ltext15                                   text15       000000
__Ltext16                                   text16       000000
__Ltext17                                   text17       000000
__Ltext18                                   text18       000000
__Ltext19                                   text19       000000
__Ltext2                                    text2        000000
__Ltext20                                   text20       000000
__Ltext21                                   text21       000000
__Ltext22                                   text22       000000
__Ltext23                                   text23       000000
__Ltext25                                   text25       000000
__Ltext26                                   text26       000000
__Ltext27                                   text27       000000
__Ltext28                                   text28       000000
__Ltext29                                   text29       000000
__Ltext3                                    text3        000000
__Ltext30                                   text30       000000
__Ltext31                                   text31       000000
__Ltext32                                   text32       000000
__Ltext33                                   text33       000000
__Ltext34                                   text34       000000
__Ltext35                                   text35       000000
__Ltext36                                   text36       000000
__Ltext37                                   text37       000000
__Ltext4                                    text4        000000
__Ltext5                                    text5        000000
__Ltext6                                    text6        000000
__Ltext7                                    text7        000000
__Ltext8                                    text8        000000
__Ltext9                                    text9        000000
__S0                                        (abs)        002292
__S1                                        (abs)        0000A5
__S4                                        (abs)        000000
__S5                                        (abs)        000000
___heap_hi                                  (abs)        000000
___heap_lo                                  (abs)        000000
___inthi_sp                                 stack        000000
___intlo_sp                                 stack        000000
___param_bank                               (abs)        000000
___rparam_used                              (abs)        000001
___sp                                       stack        000000
__accesstop                                 (abs)        000080
__activetblptr                              (abs)        000003
__end_of_INT0_ISR                           text31       00214A
__end_of_INT0_SetInterruptHandler           text17       0021C8
__end_of_INT1_ISR                           text30       00211C
__end_of_INT1_SetInterruptHandler           text16       00219E
__end_of_INT2_ISR                           text29       0020EE
__end_of_INT2_SetInterruptHandler           text15       002174
__end_of_Int0_APP_ISR                       text33       00227E
__end_of_Int1_APP_ISR                       text32       002270
__end_of_Int2_APP_ISR                       text34       00228C
__end_of_InterruptManagerHigh               intcode_body 0012CC
__end_of_Interrupt_INTx_Clear_Flag          text23       001E7C
__end_of_Interrupt_INTx_Disable             text22       001E0A
__end_of_Interrupt_INTx_Edge_Init           text21       0017A2
__end_of_Interrupt_INTx_Enable              text20       001CAE
__end_of_Interrupt_INTx_Init                text13       001D26
__end_of_Interrupt_INTx_Pin_Init            text18       00208C
__end_of_Interrupt_INTx_SetInterruptHandler text14       001974
__end_of_RB4_ISR                            text28       00224E
__end_of_RB5_ISR                            text27       002234
__end_of_RB6_ISR                            text26       00221A
__end_of_RB7_ISR                            text25       002200
__end_of__initialization                    cinit        001FA6
__end_of_application_initialize             text2        002292
__end_of_btn_values                         smallconst   001011
__end_of_ecu_layer_initialize               text3        0021E6
__end_of_gpio_pin_direction_initialize      text19       001410
__end_of_gpio_pin_initialize                text11       001D98
__end_of_gpio_pin_toggle_logic              text36       001AA0
__end_of_gpio_pin_write_logic               text12       001676
__end_of_lcd_4bit_initialize                text7        00154A
__end_of_lcd_4bit_send_command              text8        001C30
__end_of_lcd_4bit_send_enable_signal        text10       002058
__end_of_lcd_8bit_initialize                text4        0018CA
__end_of_lcd_8bit_send_command              text5        001A0E
__end_of_lcd_8bit_send_enable_signal        text6        002004
__end_of_lcd_send_4bit                      text9        001B30
__end_of_led_initialize                     text1        001BB2
__end_of_led_toggle                         text35       001EEE
__end_of_main                               text0        001F5A
__initialization                            cinit        001F5A
__mediumconst                               mediumconst  000000
__pbssCOMRAM                                bssCOMRAM    000034
__pcinit                                    cinit        001F5A
__pcstackBANK0                              cstackBANK0  000094
__pcstackCOMRAM                             cstackCOMRAM 000051
__pdataBANK0                                dataBANK0    000080
__pdataCOMRAM                               dataCOMRAM   000001
__pidataBANK0                               idataBANK0   00224E
__pidataCOMRAM                              idataCOMRAM  00208C
__pintcode                                  intcode      000008
__pintcode_body                             intcode_body 001016
__pnvCOMRAM                                 nvCOMRAM     00006D
__psmallconst                               smallconst   001000
__ptext0                                    text0        001EEE
__ptext1                                    text1        001B30
__ptext10                                   text10       002004
__ptext11                                   text11       001D26
__ptext12                                   text12       00154A
__ptext13                                   text13       001CAE
__ptext14                                   text14       0018CA
__ptext15                                   text15       00214A
__ptext16                                   text16       002174
__ptext17                                   text17       00219E
__ptext18                                   text18       002058
__ptext19                                   text19       0012CC
__ptext2                                    text2        00228C
__ptext20                                   text20       001C30
__ptext21                                   text21       001676
__ptext22                                   text22       001D98
__ptext23                                   text23       001E0A
__ptext25                                   text25       0021E6
__ptext26                                   text26       002200
__ptext27                                   text27       00221A
__ptext28                                   text28       002234
__ptext29                                   text29       0020C0
__ptext3                                    text3        0021C8
__ptext30                                   text30       0020EE
__ptext31                                   text31       00211C
__ptext32                                   text32       002262
__ptext33                                   text33       002270
__ptext34                                   text34       00227E
__ptext35                                   text35       001E7C
__ptext36                                   text36       001A0E
__ptext37                                   text37       000000
__ptext4                                    text4        0017A2
__ptext5                                    text5        001974
__ptext6                                    text6        001FB0
__ptext7                                    text7        001410
__ptext8                                    text8        001BB2
__ptext9                                    text9        001AA0
__ramtop                                    ramtop       001000
__smallconst                                smallconst   001000
_application_initialize                     text2        00228C
_ecu_layer_initialize                       text3        0021C8
_gpio_pin_direction_initialize              text19       0012CC
_gpio_pin_initialize                        text11       001D26
_gpio_pin_toggle_logic                      text36       001A0E
_gpio_pin_write_logic                       text12       00154A
_int0_obj                                   dataCOMRAM   000025
_int1_obj                                   dataCOMRAM   00001F
_int2_obj                                   dataCOMRAM   000019
_lat_registers                              dataCOMRAM   000001
_lcd_4bit_initialize                        text7        001410
_lcd_4bit_obj                               dataCOMRAM   00002B
_lcd_4bit_send_command                      text8        001BB2
_lcd_4bit_send_enable_signal                text10       002004
_lcd_8bit_initialize                        text4        0017A2
_lcd_8bit_obj                               dataBANK0    00008A
_lcd_8bit_send_command                      text5        001974
_lcd_8bit_send_enable_signal                text6        001FB0
_lcd_send_4bit                              text9        001AA0
_led1                                       dataCOMRAM   000033
_led2                                       dataCOMRAM   000032
_led3                                       dataCOMRAM   000031
_led_initialize                             text1        001B30
_led_toggle                                 text35       001E7C
_main                                       text0        001EEE
_port_registers                             dataBANK0    000080
_ret                                        nvCOMRAM     00006D
_tris_registers                             dataCOMRAM   00000B
btemp                                       temp         00006E
end_of_initialization                       cinit        001FA6
gpio_pin_direction_initialize@pin_config    cstackCOMRAM 000062
gpio_pin_direction_initialize@ret_val       cstackCOMRAM 00006A
gpio_pin_initialize@pin_config              cstackBANK0  000094
gpio_pin_initialize@ret_val                 cstackBANK0  000096
gpio_pin_toggle_logic@pin_config            cstackCOMRAM 000051
gpio_pin_write_logic@logic                  cstackCOMRAM 000064
gpio_pin_write_logic@pin_config             cstackCOMRAM 000062
gpio_pin_write_logic@ret_val                cstackCOMRAM 00006B
int$flags                                   temp         00006E
int_func                                    intcode_body 001016
intlevel0                                   text         000000
intlevel1                                   text         000000
intlevel2                                   text         000000
intlevel3                                   text         000000
isa$std                                     (abs)        000001
isa$xinst                                   (abs)        000000
lcd_4bit_initialize@index_i                 cstackBANK0  00009F
lcd_4bit_initialize@lcd_obj                 cstackBANK0  00009B
lcd_4bit_initialize@ret_val                 cstackBANK0  0000A0
lcd_4bit_send_command@command               cstackBANK0  000099
lcd_4bit_send_command@lcd_obj               cstackBANK0  000097
lcd_4bit_send_command@ret_val               cstackBANK0  00009A
lcd_4bit_send_enable_signal@lcd_obj         cstackBANK0  000094
lcd_4bit_send_enable_signal@ret_val         cstackCOMRAM 00006C
lcd_8bit_initialize@index_i                 cstackBANK0  0000A3
lcd_8bit_initialize@lcd_obj                 cstackBANK0  00009F
lcd_8bit_initialize@ret_val                 cstackBANK0  0000A4
lcd_8bit_send_command@command               cstackBANK0  000098
lcd_8bit_send_command@index_i               cstackBANK0  00009E
lcd_8bit_send_command@lcd_obj               cstackBANK0  000096
lcd_8bit_send_command@ret_val               cstackBANK0  00009D
lcd_8bit_send_enable_signal@lcd_obj         cstackBANK0  000094
lcd_8bit_send_enable_signal@ret_val         cstackCOMRAM 00006C
lcd_send_4bit@_data_command                 cstackBANK0  000096
lcd_send_4bit@lcd_obj                       cstackBANK0  000094
lcd_send_4bit@ret_val                       cstackCOMRAM 00006C
led_initialize@F3045                        bssCOMRAM    000050
led_initialize@led                          cstackBANK0  000097
led_initialize@pin_obj                      cstackBANK0  00009B
led_initialize@ret_val                      cstackBANK0  00009A
led_toggle@F3060                            bssCOMRAM    00004D
led_toggle@led                              cstackCOMRAM 000058
led_toggle@pin_obj                          cstackCOMRAM 00005B
led_turn_off@F3055                          bssCOMRAM    00004E
led_turn_on@F3050                           bssCOMRAM    00004F
relay_initialize@F3039                      bssCOMRAM    00004C
relay_turn_off@F3049                        bssCOMRAM    00004A
relay_turn_on@F3044                         bssCOMRAM    00004B
stackhi                                     (abs)        000000
stacklo                                     (abs)        000000
start                                       init         00000E
start_initialization                        cinit        001F5A
ttemp5                                      temp         00006F
ttemp6                                      temp         000072
ttemp7                                      temp         000076
wtemp8                                      temp         00006F


MODULE INFORMATION

Module		Function		Class		Link	Load	Size
ECUAL_Layer/ecu_layer_init.c
		_ecu_layer_initialize		CODE           	21C8	0000	30

ECUAL_Layer/ecu_layer_init.c estimated size: 30

shared
		_btn_values    		SMALLCONST     	0000	0000	0
		__initialization		CODE           	1F5A	0000	76

shared estimated size: 76

MCAL_Layer/Interrupt/mcal_external_interrupt.c
		_INT0_SetInterruptHandler		CODE           	219E	0000	42
		_Interrupt_INTx_Clear_Flag		CODE           	1E0A	0000	114
		_Interrupt_INTx_SetInterruptHandler		CODE           	18CA	0000	170
		_INT1_SetInterruptHandler		CODE           	2174	0000	42
		_Interrupt_INTx_Enable		CODE           	1C30	0000	126
		_RB4_ISR       		CODE           	2234	0000	26
		_INT2_SetInterruptHandler		CODE           	214A	0000	42
		_RB5_ISR       		CODE           	221A	0000	26
		_RB6_ISR       		CODE           	2200	0000	26
		_RB7_ISR       		CODE           	21E6	0000	26
		_Interrupt_INTx_Edge_Init		CODE           	1676	0000	300
		_Interrupt_INTx_Init		CODE           	1CAE	0000	120
		_Interrupt_INTx_Disable		CODE           	1D98	0000	114
		_INT0_ISR      		CODE           	211C	0000	46
		_Interrupt_INTx_Pin_Init		CODE           	2058	0000	52
		_INT1_ISR      		CODE           	20EE	0000	46
		_INT2_ISR      		CODE           	20C0	0000	46

MCAL_Layer/Interrupt/mcal_external_interrupt.c estimated size: 1364

MCAL_Layer/Interrupt/mcal_interrupt_manager.c
		_InterruptManagerHigh		CODE           	0008	0000	700

MCAL_Layer/Interrupt/mcal_interrupt_manager.c estimated size: 700

MCAL_Layer/GPIO/hal_gpio.c
		_gpio_pin_write_logic		CODE           	154A	0000	300
		_gpio_pin_direction_initialize		CODE           	12CC	0000	324
		_gpio_pin_toggle_logic		CODE           	1A0E	0000	146
		_gpio_pin_initialize		CODE           	1D26	0000	114

MCAL_Layer/GPIO/hal_gpio.c estimated size: 884

ECUAL_Layer/Chr_LCD/ecu_chr_lcd.c
		_lcd_send_4bit 		CODE           	1AA0	0000	144
		_lcd_8bit_send_enable_signal		CODE           	1FB0	0000	84
		_lcd_4bit_send_command		CODE           	1BB2	0000	126
		_lcd_4bit_send_enable_signal		CODE           	2004	0000	84
		_lcd_8bit_initialize		CODE           	17A2	0000	296
		_lcd_8bit_send_command		CODE           	1974	0000	154
		_lcd_4bit_initialize		CODE           	1410	0000	314

ECUAL_Layer/Chr_LCD/ecu_chr_lcd.c estimated size: 1202

application.c
		_Int0_APP_ISR  		CODE           	2270	0000	14
		_Int1_APP_ISR  		CODE           	2262	0000	14
		_application_initialize		CODE           	228C	0000	6
		_Int2_APP_ISR  		CODE           	227E	0000	14
		_main          		CODE           	1EEE	0000	108

application.c estimated size: 156

ECUAL_Layer/LED/ecu_led.c
		_led_initialize		CODE           	1B30	0000	130
		_led_toggle    		CODE           	1E7C	0000	114

ECUAL_Layer/LED/ecu_led.c estimated size: 244

